CHRONOS // ALPHA // CONFIGURATION AND RECORD AUDIT
CASE R2-20
INCIDENT: Audit classification mismatch

SYSTEM BASELINE — 20:55
Primary service: ACTIVE
Configuration snapshot: PRE-INCIDENT
Queue, archive, and service checks: within normal range
Prior successful run: recorded

CHANGE HISTORY
21:03:27 | R2-20-B
OPERATOR: Aria Sen (AS-17)
ACTION: MODIFY
SETTING: archive label format
CHANGE: FULL -> SUMMARY
STATUS: APPROVED
21:07:44 | R2-20-A
OPERATOR: Noah Vale (NV-09)
ACTION: MODIFY
SETTING: retry handling mode
CHANGE: RETRY-ALL -> STOP-AFTER-ONE
STATUS: APPROVED
21:10:32 | R2-20-C
OPERATOR: Mira Kael (MK-22)
ACTION: MODIFY
SETTING: diagnostic verbosity
CHANGE: HIGH -> MEDIUM
STATUS: APPROVED

21:12:00 | CONFIGURATION SNAPSHOT
More than one changed value is present; the snapshot does not label a causal change.

AUDIT NOTE
The audit view may be revised after an event. Compare it with independent records before treating its order as authoritative.