CHRONOS // ALPHA // CONFIGURATION AND RECORD AUDIT
CASE R2-19
INCIDENT: Configuration record integrity failure

SYSTEM BASELINE — 20:55
Primary service: ACTIVE
Configuration snapshot: PRE-INCIDENT
Queue, archive, and service checks: within normal range
Prior successful run: recorded

CHANGE HISTORY
21:03:27 | R2-19-B
OPERATOR: Aria Sen (AS-17)
ACTION: MODIFY
SETTING: archive index mode
CHANGE: FULL -> COMPACT
STATUS: APPROVED
21:07:44 | R2-19-A
OPERATOR: Elias Voss (EV-04)
ACTION: MODIFY
SETTING: configuration checksum policy
CHANGE: STRICT -> DEFERRED
STATUS: APPROVED
21:10:32 | R2-19-C
OPERATOR: Noah Vale (NV-09)
ACTION: MODIFY
SETTING: log rotation
CHANGE: 21:30 -> 21:15
STATUS: APPROVED

21:12:00 | CONFIGURATION SNAPSHOT
More than one changed value is present; the snapshot does not label a causal change.

AUDIT NOTE
The audit view may be revised after an event. Compare it with independent records before treating its order as authoritative.