CHRONOS // ALPHA // IDENTITY AND CONFIGURATION AUDIT
CASE R2-08
INCIDENT: Archive retention gap

SYSTEM BASELINE — 20:55
Primary service: ACTIVE
Configuration snapshot: PRE-INCIDENT
Queue, archive, and service checks: within normal range
Prior successful run: recorded

CHANGE HISTORY
21:03:27 | R2-08-B
OPERATOR: Aria Sen (AS-17)
ACTION: MODIFY
SETTING: archive index mode
CHANGE: FULL -> COMPACT
STATUS: APPROVED
21:08:14 | R2-08-A
OPERATOR: Mira Kael (MK-22)
ACTION: MODIFY
SETTING: archive retention period
CHANGE: 72 h -> 24 h
STATUS: APPROVED
21:10:32 | R2-08-C
OPERATOR: Noah Vale (NV-09)
ACTION: MODIFY
SETTING: rotation window
CHANGE: 02:00 -> 01:30
STATUS: APPROVED

21:12:00 | CONFIGURATION SNAPSHOT
More than one changed value is present; the snapshot does not label a causal change.

AUDIT NOTE
A valid identity does not, by itself, prove that the recorded workstation context was expected.