CHRONOS // ALPHA // SCHEDULE AUDIT
CASE R2-18
INCIDENT: Failover sequence anomaly

SYSTEM BASELINE — 20:55
Primary service: ACTIVE
Configuration snapshot: PRE-INCIDENT
Queue, archive, and service checks: within normal range
Prior successful run: recorded

CHANGE HISTORY
21:03:27 | R2-18-B
OPERATOR: Aria Sen (AS-17)
ACTION: SCHEDULE
SETTING: audit export schedule
CHANGE: 21:10 -> 21:16
STATUS: SCHEDULED
EFFECTIVE: 21:16:00
21:06:12 | R2-18-A
OPERATOR: Mira Kael (MK-22)
ACTION: SCHEDULE
SETTING: failover mode
CHANGE: STANDBY -> STAGED
STATUS: SCHEDULED
EFFECTIVE: 21:10:00
21:10:32 | R2-18-C
OPERATOR: Noah Vale (NV-09)
ACTION: SCHEDULE
SETTING: prediction recalibration
CHANGE: 21:11 -> 21:19
STATUS: SCHEDULED
EFFECTIVE: 21:18:00

21:12:00 | CONFIGURATION SNAPSHOT
More than one changed value is present; the snapshot does not label a causal change.

AUDIT NOTE
Schedule creation and effective time are separate fields; an action may activate after its author leaves the session.