CHRONOS // ALPHA // IDENTITY AND CONFIGURATION AUDIT
CASE R2-09
INCIDENT: Prediction sequence drift

SYSTEM BASELINE — 20:55
Primary service: ACTIVE
Configuration snapshot: PRE-INCIDENT
Queue, archive, and service checks: within normal range
Prior successful run: recorded

CHANGE HISTORY
21:03:27 | R2-09-B
OPERATOR: Aria Sen (AS-17)
ACTION: MODIFY
SETTING: prediction threshold
CHANGE: 0.71 -> 0.69
STATUS: APPROVED
21:08:14 | R2-09-A
OPERATOR: Noah Vale (NV-09)
ACTION: MODIFY
SETTING: prediction seed
CHANGE: P-14 -> P-19
STATUS: APPROVED
21:10:32 | R2-09-C
OPERATOR: Mira Kael (MK-22)
ACTION: MODIFY
SETTING: cache refresh policy
CHANGE: ON-CHANGE -> PERIODIC
STATUS: APPROVED

21:12:00 | CONFIGURATION SNAPSHOT
More than one changed value is present; the snapshot does not label a causal change.

AUDIT NOTE
A valid identity does not, by itself, prove that the recorded workstation context was expected.