CHRONOS // ALPHA // IDENTITY AND CONFIGURATION AUDIT
CASE R2-07
INCIDENT: Timeline gate instability

SYSTEM BASELINE — 20:55
Primary service: ACTIVE
Configuration snapshot: PRE-INCIDENT
Queue, archive, and service checks: within normal range
Prior successful run: recorded

CHANGE HISTORY
21:03:27 | R2-07-B
OPERATOR: Noah Vale (NV-09)
ACTION: MODIFY
SETTING: retry policy
CHANGE: STANDARD -> LIMITED
STATUS: APPROVED
21:08:14 | R2-07-A
OPERATOR: Aria Sen (AS-17)
ACTION: MODIFY
SETTING: timeline gate offset
CHANGE: 0 -> -4
STATUS: APPROVED
21:10:32 | R2-07-C
OPERATOR: Mira Kael (MK-22)
ACTION: MODIFY
SETTING: token renewal interval
CHANGE: 15 min -> 10 min
STATUS: APPROVED

21:12:00 | CONFIGURATION SNAPSHOT
More than one changed value is present; the snapshot does not label a causal change.

AUDIT NOTE
A valid identity does not, by itself, prove that the recorded workstation context was expected.