CHRONOS // ALPHA // SCHEDULE AUDIT
CASE R2-14
INCIDENT: Rollback state divergence

SYSTEM BASELINE — 20:55
Primary service: ACTIVE
Configuration snapshot: PRE-INCIDENT
Queue, archive, and service checks: within normal range
Prior successful run: recorded

CHANGE HISTORY
21:03:27 | R2-14-B
OPERATOR: Aria Sen (AS-17)
ACTION: SCHEDULE
SETTING: archive export schedule
CHANGE: 21:10 -> 21:17
STATUS: SCHEDULED
EFFECTIVE: 21:16:00
21:06:12 | R2-14-A
OPERATOR: Mira Kael (MK-22)
ACTION: SCHEDULE
SETTING: rollback target
CHANGE: checkpoint 18 -> checkpoint 14
STATUS: SCHEDULED
EFFECTIVE: 21:10:00
21:10:32 | R2-14-C
OPERATOR: Noah Vale (NV-09)
ACTION: SCHEDULE
SETTING: observation refresh
CHANGE: 21:05 -> 21:13
STATUS: SCHEDULED
EFFECTIVE: 21:18:00

21:12:00 | CONFIGURATION SNAPSHOT
More than one changed value is present; the snapshot does not label a causal change.

AUDIT NOTE
Schedule creation and effective time are separate fields; an action may activate after its author leaves the session.