CHRONOS // ALPHA // IDENTITY AND CONFIGURATION AUDIT
CASE R2-11
INCIDENT: Suppressed warning sequence

SYSTEM BASELINE — 20:55
Primary service: ACTIVE
Configuration snapshot: PRE-INCIDENT
Queue, archive, and service checks: within normal range
Prior successful run: recorded

CHANGE HISTORY
21:03:27 | R2-11-B
OPERATOR: Noah Vale (NV-09)
ACTION: MODIFY
SETTING: sampling interval
CHANGE: 10 s -> 8 s
STATUS: APPROVED
21:08:14 | R2-11-A
OPERATOR: Aria Sen (AS-17)
ACTION: MODIFY
SETTING: warning threshold
CHANGE: 0.65 -> 0.82
STATUS: APPROVED
21:10:32 | R2-11-C
OPERATOR: Mira Kael (MK-22)
ACTION: MODIFY
SETTING: archive verbosity
CHANGE: LOW -> MEDIUM
STATUS: APPROVED

21:12:00 | CONFIGURATION SNAPSHOT
More than one changed value is present; the snapshot does not label a causal change.

AUDIT NOTE
A valid identity does not, by itself, prove that the recorded workstation context was expected.