CHRONOS // ALPHA // CONFIGURATION AND RECORD AUDIT
CASE R2-23
INCIDENT: Routing timeline discrepancy

SYSTEM BASELINE — 20:55
Primary service: ACTIVE
Configuration snapshot: PRE-INCIDENT
Queue, archive, and service checks: within normal range
Prior successful run: recorded

CHANGE HISTORY
21:03:27 | R2-23-B
OPERATOR: Aria Sen (AS-17)
ACTION: MODIFY
SETTING: archive index order
CHANGE: TIME -> CASE
STATUS: APPROVED
21:07:44 | R2-23-A
OPERATOR: Noah Vale (NV-09)
ACTION: MODIFY
SETTING: route priority
CHANGE: PRIMARY-5 -> PRIMARY-2
STATUS: APPROVED
21:10:32 | R2-23-C
OPERATOR: Mira Kael (MK-22)
ACTION: MODIFY
SETTING: diagnostic retention
CHANGE: 48 h -> 36 h
STATUS: APPROVED

21:12:00 | CONFIGURATION SNAPSHOT
More than one changed value is present; the snapshot does not label a causal change.

AUDIT NOTE
The audit view may be revised after an event. Compare it with independent records before treating its order as authoritative.