CHRONOS // ALPHA // FUTURE CONFIGURATION AUDIT
CASE R2-12
INCIDENT: Cross-timeline synchronization failure

CONFIGURATION DELTAS — T-22

20:58:14  D-52
RESOURCE: T-22
CHANGE: observation window 90s -> 120s
STATUS: APPROVED

21:03:27  D-53
RESOURCE: T-22
CHANGE: prediction threshold 0.72 -> 0.68
STATUS: APPROVED

21:07:46  D-54
RESOURCE: T-22
CHANGE: recovery mode AUTO -> MANUAL
STATUS: PENDING

21:09:11  D-55
RESOURCE: T-22
CHANGE: recovery window 30s -> 10s
STATUS: APPROVED

21:12:03  D-54
RESOURCE: T-22
ACTION: REVERTED

21:13:19  D-56
RESOURCE: T-22
CHANGE: safety threshold 0.68 -> 0.71
STATUS: APPROVED

21:16:02  D-57
RESOURCE: T-22
CHANGE: archive verbosity LOW -> HIGH
STATUS: APPROVED

NOTE: approval status describes whether a change was
permitted by workflow. It does not establish whether
the resulting state contributed to the incident.

CONFIGURATION NOTE
A pending change may appear in the activity history
without becoming the active system setting.
The state active at the relevant time must be checked.