CHRONOS // ALPHA // SCHEDULE AUDIT
CASE R2-16
INCIDENT: Temporary permission exposure

SYSTEM BASELINE — 20:55
Primary service: ACTIVE
Configuration snapshot: PRE-INCIDENT
Queue, archive, and service checks: within normal range
Prior successful run: recorded

CHANGE HISTORY
21:03:27 | R2-16-B
OPERATOR: Aria Sen (AS-17)
ACTION: SCHEDULE
SETTING: token expiry policy
CHANGE: 15 min -> 12 min
STATUS: SCHEDULED
EFFECTIVE: 21:16:00
21:06:12 | R2-16-A
OPERATOR: Elias Voss (EV-04)
ACTION: SCHEDULE
SETTING: permission rule activation
CHANGE: after approval -> at window open
STATUS: SCHEDULED
EFFECTIVE: 21:10:00
21:10:32 | R2-16-C
OPERATOR: Noah Vale (NV-09)
ACTION: SCHEDULE
SETTING: permission cache refresh
CHANGE: manual -> every 10 min
STATUS: SCHEDULED
EFFECTIVE: 21:18:00

21:12:00 | CONFIGURATION SNAPSHOT
More than one changed value is present; the snapshot does not label a causal change.

AUDIT NOTE
Schedule creation and effective time are separate fields; an action may activate after its author leaves the session.