CHRONOS // ALPHA // CONFIGURATION AND RECORD AUDIT
CASE R2-21
INCIDENT: Missing diagnostic snapshot

SYSTEM BASELINE — 20:55
Primary service: ACTIVE
Configuration snapshot: PRE-INCIDENT
Queue, archive, and service checks: within normal range
Prior successful run: recorded

CHANGE HISTORY
21:03:27 | R2-21-B
OPERATOR: Aria Sen (AS-17)
ACTION: MODIFY
SETTING: diagnostic sampling interval
CHANGE: 10 s -> 8 s
STATUS: APPROVED
21:07:44 | R2-21-A
OPERATOR: Mira Kael (MK-22)
ACTION: MODIFY
SETTING: snapshot retention count
CHANGE: 3 -> 1
STATUS: APPROVED
21:10:32 | R2-21-C
OPERATOR: Noah Vale (NV-09)
ACTION: MODIFY
SETTING: archive export format
CHANGE: FULL -> COMPACT
STATUS: APPROVED

21:12:00 | CONFIGURATION SNAPSHOT
More than one changed value is present; the snapshot does not label a causal change.

AUDIT NOTE
The audit view may be revised after an event. Compare it with independent records before treating its order as authoritative.