CHRONOS // ALPHA // IDENTITY AND CONFIGURATION AUDIT
CASE R2-10
INCIDENT: Synchronization priority anomaly

SYSTEM BASELINE — 20:55
Primary service: ACTIVE
Configuration snapshot: PRE-INCIDENT
Queue, archive, and service checks: within normal range
Prior successful run: recorded

CHANGE HISTORY
21:03:27 | R2-10-B
OPERATOR: Aria Sen (AS-17)
ACTION: MODIFY
SETTING: retry queue size
CHANGE: 3 -> 4
STATUS: APPROVED
21:08:14 | R2-10-A
OPERATOR: Elias Voss (EV-04)
ACTION: MODIFY
SETTING: branch priority weight
CHANGE: 5 -> 2
STATUS: APPROVED
21:10:32 | R2-10-C
OPERATOR: Noah Vale (NV-09)
ACTION: MODIFY
SETTING: prediction horizon
CHANGE: 12 -> 11
STATUS: APPROVED

21:12:00 | CONFIGURATION SNAPSHOT
More than one changed value is present; the snapshot does not label a causal change.

AUDIT NOTE
A valid identity does not, by itself, prove that the recorded workstation context was expected.