CHRONOS // ALPHA // CONFIGURATION AND RECORD AUDIT
CASE R2-22
INCIDENT: Archive export inconsistency

SYSTEM BASELINE — 20:55
Primary service: ACTIVE
Configuration snapshot: PRE-INCIDENT
Queue, archive, and service checks: within normal range
Prior successful run: recorded

CHANGE HISTORY
21:03:27 | R2-22-B
OPERATOR: Noah Vale (NV-09)
ACTION: MODIFY
SETTING: archive export mode
CHANGE: RAW -> SUMMARY
STATUS: APPROVED
21:07:44 | R2-22-A
OPERATOR: Aria Sen (AS-17)
ACTION: MODIFY
SETTING: projection field map
CHANGE: COMPLETE -> OMIT-DELTA
STATUS: APPROVED
21:10:32 | R2-22-C
OPERATOR: Mira Kael (MK-22)
ACTION: MODIFY
SETTING: audit rotation
CHANGE: 21:30 -> 21:20
STATUS: APPROVED

21:12:00 | CONFIGURATION SNAPSHOT
More than one changed value is present; the snapshot does not label a causal change.

AUDIT NOTE
The audit view may be revised after an event. Compare it with independent records before treating its order as authoritative.