CHRONOS // ALPHA // CONFIGURATION AND RECORD AUDIT
CASE R2-24
INCIDENT: Diagnostic trace gap

SYSTEM BASELINE — 20:55
Primary service: ACTIVE
Configuration snapshot: PRE-INCIDENT
Queue, archive, and service checks: within normal range
Prior successful run: recorded

CHANGE HISTORY
21:03:27 | R2-24-B
OPERATOR: Aria Sen (AS-17)
ACTION: MODIFY
SETTING: archive export mode
CHANGE: RAW -> COMPRESSED
STATUS: APPROVED
21:07:44 | R2-24-A
OPERATOR: Elias Voss (EV-04)
ACTION: MODIFY
SETTING: diagnostic capture mode
CHANGE: FULL -> MINIMAL
STATUS: APPROVED
21:10:32 | R2-24-C
OPERATOR: Noah Vale (NV-09)
ACTION: MODIFY
SETTING: log rotation
CHANGE: 21:30 -> 21:20
STATUS: APPROVED

21:12:00 | CONFIGURATION SNAPSHOT
More than one changed value is present; the snapshot does not label a causal change.

AUDIT NOTE
The audit view may be revised after an event. Compare it with independent records before treating its order as authoritative.