CHRONOS // ALPHA // SCHEDULE AUDIT
CASE R2-15
INCIDENT: Projection cache drift

SYSTEM BASELINE — 20:55
Primary service: ACTIVE
Configuration snapshot: PRE-INCIDENT
Queue, archive, and service checks: within normal range
Prior successful run: recorded

CHANGE HISTORY
21:03:27 | R2-15-B
OPERATOR: Noah Vale (NV-09)
ACTION: SCHEDULE
SETTING: prediction refresh
CHANGE: 21:08 -> 21:15
STATUS: SCHEDULED
EFFECTIVE: 21:16:00
21:06:12 | R2-15-A
OPERATOR: Aria Sen (AS-17)
ACTION: SCHEDULE
SETTING: invalidation trigger
CHANGE: ON-UPDATE -> HOURLY
STATUS: SCHEDULED
EFFECTIVE: 21:10:00
21:10:32 | R2-15-C
OPERATOR: Mira Kael (MK-22)
ACTION: SCHEDULE
SETTING: archive rotation
CHANGE: 21:05 -> 21:20
STATUS: SCHEDULED
EFFECTIVE: 21:18:00

21:12:00 | CONFIGURATION SNAPSHOT
More than one changed value is present; the snapshot does not label a causal change.

AUDIT NOTE
Schedule creation and effective time are separate fields; an action may activate after its author leaves the session.